Today sent=2 room=78 target=55
Fetching job boards…
  [Himalayas] 0 listings pulled
  [SadaPay] 2 listings pulled
  [Arbeitnow] 9 listings pulled
  [Greenhouse] 950 listings pulled
  [RemoteOK] 100 listings pulled
  [Remotive] 19 listings pulled
  [Jobicy] 334 listings pulled
  [We Work Remotely] 129 listings pulled
  [JazzHR PK] 35 listings pulled
  [Lever] 108 listings pulled
Raw listings: 1686
Candidate companies: 1069
  skip already contacted: Huzzle
  skip no domain: Collaboration.Ai
  skip no domain: Sur
  skip already contacted: Proxify AB
  skip no domain: Ci&t
  skip already contacted: Valsoft Corporation
  skip no domain: Yooli
  skip no domain: Samsara
  skip no domain: Cosuno
  skip no domain: Intellectsoft
  skip already contacted: Fueled
  skip already contacted: Hygraph
→ contact Toggl (toggl.com)
  no email
  skip no domain: Newrich Network
  skip no domain: SuperPlane
  skip no domain: Gusto, Inc.
  skip no domain: Kruger NearShore LLC - Rekluti
  skip already contacted: SadaPay
  skip no domain: Zeta Global
  skip no domain: Wonderdog
  skip no domain: Aker Systems
  skip already contacted: Careem
  skip no domain: Edfinity
  skip no domain: Tiugo Technologies
  skip no domain: Evident Change
  skip already contacted: Sticker Mule
  skip no domain: Bee Talents
  skip no domain: OfferUp
  skip no domain: Revenuecat
  skip no domain: Azumo
  skip no domain: Charisma-tec
  skip no domain: Salesforge
  skip no domain: Wing Assistant
→ contact Vonage (vonage.com)
  no email
→ contact Cohere (cohere.com)
  no email
  skip no domain: Confluent
  skip no domain: Faire
  skip no domain: Mirantis
  skip no domain: Sigma Software
  skip no domain: Smartcat
  skip already contacted: Trafilea
  skip already contacted: VentureDive
  skip already contacted: A.Team
  skip no domain: Allencomm
  skip no domain: Alphorm
  skip no domain: Appodeal
  skip no domain: Coin Market Cap
→ contact Doximity (doximity.com)
  no email
  skip no domain: Eer Poland
  skip no domain: Happyco
→ contact Highlevel (gohighlevel.com)
  queued careers@gohighlevel.com [strict-valid] Sr. Product Manager - AI Platform at Highlevel
  skip no domain: Kota
  skip already contacted: Lattice
  skip no domain: Leland
  skip no domain: Sedona Digital
  skip no domain: Tenchi Security
  skip no domain: Tessera Labs
  skip no domain: Tiger Analytics Inc.
  skip no domain: Tractian
  skip no domain: Truv
  skip no domain: ZoomInfo Technologies LLC
  skip already contacted: 10Pearls
  skip no domain: Charles Technology Africa
  skip already contacted: Base.com
  skip no domain: Interaction Design Foundation
  skip no domain: Mechanical Orchard
  skip no domain: Myneva
  skip no domain: Softswiss
  skip no domain: Stadium
  skip no domain: Unio Digital
  skip already contacted: Zowie
  skip no domain: thehivecareers.co
  skip already contacted: Arbisoft
  skip already contacted: Checkout.com
  skip already contacted: Cubix
  skip already contacted: Delivery Hero
  skip already contacted: Devsinc
  skip already contacted: Focusteck
  skip already contacted: Motive
  skip already contacted: Plausible
  skip already contacted: TekRevol
  skip already contacted: Thoughtworks
  skip already contacted: Turing
→ contact 10Pearls Pakistan (10pearls.com)
