queue=25 target=25
  Dubizzle Labs Pakistan → hr@dubizzlelabs.com [strict]
  Telenor Pakistan → careers@telenor.com.pk [catch]
  Securiti → careers@securiti.ai [catch]
  Tkxel → careers@tkxel.com [catch]
  Elixir Technologies → careers@elixirtech.com [catch]
  Sekel Technologies → careers@sekeltech.com [catch]
  Zigron → careers@zigron.com [catch]
  StormFiber → careers@stormfiber.com [catch]
  Meezan Bank → careers@meezanbank.com [catch]
  Zong CMPak → careers@zong.com.pk [catch]
  Talabat → careers@talabat.com [catch]
  Swvl → careers@swvl.com [catch]
  Salla → careers@salla.sa [catch]
  HungerStation → careers@hungerstation.com [catch]
  Paymob → careers@paymob.com [catch]
  Anghami → careers@anghami.com [catch]
  Qatar Airways IT → careers@qatarairways.com [catch]
  Snoonu → careers@snoonu.com [catch]
  Rain Bahrain → careers@rain.bh [catch]
  CrediMax → careers@credimax.com.bh [catch]
  Magnati → careers@magnati.com [catch]
  Namshi → careers@namshi.com [catch]
  Mumzworld → careers@mumzworld.com [catch]
  Nearpay → careers@nearpay.io [catch]
  Valeo Egypt → careers@valeo.com [catch]

[1] Software Engineer / Full Stack Engineer @ Dubizzle Labs Pakistan
  email hr@dubizzlelabs.com [strict]
  writing tailored letter…
  preview: Hi Dubizzle Labs team, Your Software Engineer / Full Stack Engineer opening in Lahore aligns with the stack I ship daily…
  SENT [1/25] hr@dubizzlelabs.com
  wait 42s…

[2] Software Engineer / Full Stack Engineer @ Telenor Pakistan
  email careers@telenor.com.pk [catch]
  writing tailored letter…
  preview: Hi Telenor Pakistan team, I am applying for the Software Engineer / Full Stack Engineer role in Karachi. At Codet.ai, I …
  SENT [2/25] careers@telenor.com.pk
  wait 41s…

[3] Software Engineer / Full Stack Engineer @ Securiti
  email careers@securiti.ai [catch]
  writing tailored letter…
  preview: Hi Securiti team, Your Software Engineer / Full Stack Engineer role in Karachi matches how I build today at Codet.ai: Re…
  SENT [3/25] careers@securiti.ai
  wait 43s…

[4] Software Engineer / Full Stack Engineer @ Tkxel
  email careers@tkxel.com [catch]
  writing tailored letter…
  preview: Hi Tkxel team, The Software Engineer / Full Stack Engineer role in Lahore matches the work I do at Codet.ai: Next.js, Re…
  SENT [4/25] careers@tkxel.com
  wait 39s…

[5] Software Engineer / Full Stack Engineer @ Elixir Technologies
  email careers@elixirtech.com [catch]
  writing tailored letter…
  preview: Hi Elixir Technologies team, Your Software Engineer / Full Stack Engineer opening matches the work I do at Codet.ai, whe…
  SENT [5/25] careers@elixirtech.com
  wait 37s…

[6] Software Engineer / Full Stack Engineer @ Sekel Technologies
  email careers@sekeltech.com [catch]
  writing tailored letter…
  preview: Hi Sekel Technologies team, The Software Engineer / Full Stack Engineer role in Lahore fits the work I do at Codet.ai: s…
  SENT [6/25] careers@sekeltech.com
  wait 36s…

[7] Software Engineer / Full Stack Engineer @ Zigron
  email careers@zigron.com [catch]
  writing tailored letter…
  preview: Hi Zigron team, Your Software Engineer / Full Stack Engineer role in Islamabad aligns with the production Next.js and Ty…
  SENT [7/25] careers@zigron.com
  wait 45s…

[8] Software Engineer / Full Stack Engineer @ StormFiber
  email careers@stormfiber.com [catch]
  writing tailored letter…
  preview: Hi StormFiber team, The Software Engineer / Full Stack Engineer role in Karachi matches the Next.js and React product wo…
  SENT [8/25] careers@stormfiber.com
  wait 37s…

[9] Software Engineer / Full Stack Engineer @ Meezan Bank
  email careers@meezanbank.com [catch]
  writing tailored letter…
  preview: Hi Meezan Bank team, Your Software Engineer / Full Stack Engineer role in Karachi fits the Next.js, TypeScript, and Reac…
  SENT [9/25] careers@meezanbank.com
  wait 41s…

[10] Software Engineer / Full Stack Engineer @ Zong CMPak
  email careers@zong.com.pk [catch]
  writing tailored letter…
  preview: Hi Zong CMPak team, Your Software Engineer / Full Stack Engineer role in Islamabad fits the work I do now at Codet.ai, w…
  SENT [10/25] careers@zong.com.pk
  wait 44s…

[11] Software Engineer / Full Stack Engineer @ Talabat
  email careers@talabat.com [catch]
  writing tailored letter…
  preview: Hi Talabat team, I'm applying for the Software Engineer / Full Stack Engineer role in Dubai. At Codet.ai I've spent the …
  SENT [11/25] careers@talabat.com
  wait 46s…

[12] Software Engineer / Full Stack Engineer @ Swvl
  email careers@swvl.com [catch]
  writing tailored letter…
  preview: Hi Swvl team, Your Software Engineer / Full Stack Engineer role in Cairo or Dubai aligns with the full-stack product wor…
  SENT [12/25] careers@swvl.com
  wait 37s…

[13] Software Engineer / Full Stack Engineer @ Salla
  email careers@salla.sa [catch]
  writing tailored letter…
  preview: Hi Salla team, Your Full Stack Engineer opening in Riyadh matches the work I do at Codet.ai today: shipping a Next.js pr…
  SENT [13/25] careers@salla.sa
  wait 45s…

[14] Software Engineer / Full Stack Engineer @ HungerStation
  email careers@hungerstation.com [catch]
  writing tailored letter…
  preview: Hi HungerStation team, The Software Engineer / Full Stack Engineer role in Riyadh fits the Next.js, TypeScript, and Pyth…
  SENT [14/25] careers@hungerstation.com
  wait 41s…
