queue=15 target=15
  Confiz → careers@confiz.com [strict]
  Netsol → careers@netsoltech.com [strict]
  Empiric → careers@empiric.com [strict]
  JazzCash → careers@jazzcash.com.pk [strict]
  PTCL → careers@ptcl.com.pk [strict]
  Ufone → careers@ufone.com [strict]
  Trainline → careers@thetrainline.com [strict]
  PTCL Digital → careers@ptcl.com.pk [strict]
  Ufone Digital → careers@ufone.com [strict]
  JazzCash Tech → careers@jazzcash.com.pk [strict]
  Confiz Pakistan → careers@confiz.com [strict]
  Netsol Pakistan → careers@netsoltech.com [strict]
  Empiric Pakistan → careers@empiric.com [strict]
  Tintash → careers@tintash.com [catch]
  Foodpanda Pakistan → careers@foodpanda.pk [catch]

[1] Software Engineer / Full Stack Engineer @ Confiz
  email careers@confiz.com [strict]
  writing tailored letter…
  preview: Hi Confiz team, The Software Engineer / Full Stack Engineer opening in Lahore fits work I have been doing at Codet.ai, w…
  SENT [1/15] careers@confiz.com
  wait 37s…

[2] Software Engineer / Full Stack Engineer @ Netsol
  email careers@netsoltech.com [strict]
  writing tailored letter…
  preview: Hi Netsol team, The Software Engineer / Full Stack Engineer role in Lahore aligns with the Next.js, TypeScript, and Pyth…
  SENT [2/15] careers@netsoltech.com
  wait 46s…

[3] Software Engineer / Full Stack Engineer @ Empiric
  email careers@empiric.com [strict]
  writing tailored letter…
  preview: Hi Empiric team, Your Software Engineer / Full Stack Engineer role in Lahore fits the stack I ship daily at Codet.ai: Ne…
  SENT [3/15] careers@empiric.com
  wait 36s…

[4] Software Engineer / Full Stack Engineer @ JazzCash
  email careers@jazzcash.com.pk [strict]
  writing tailored letter…
  preview: Hi JazzCash team, Your Software Engineer / Full Stack Engineer role in Islamabad calls for React, Next.js, TypeScript, P…
  SENT [4/15] careers@jazzcash.com.pk
  wait 48s…

[5] Software Engineer / Full Stack Engineer @ PTCL
  email careers@ptcl.com.pk [strict]
  writing tailored letter…
  preview: Hi PTCL team, Your Software Engineer / Full Stack Engineer role in Islamabad matches the Next.js and TypeScript product …
  SENT [5/15] careers@ptcl.com.pk
  wait 42s…

[6] Software Engineer / Full Stack Engineer @ Ufone
  email careers@ufone.com [strict]
  writing tailored letter…
  preview: Hi Ufone team, The Software Engineer / Full Stack Engineer role in Islamabad matches how I work today at Codet.ai: React…
  SENT [6/15] careers@ufone.com
  wait 45s…

[7] Software Engineer / Full Stack Engineer @ Trainline
  email careers@thetrainline.com [strict]
  writing tailored letter…
  preview: Hi Trainline team, I'm applying for the Software Engineer / Full Stack Engineer role. My year at Codet.ai has been focus…
  SENT [7/15] careers@thetrainline.com
  wait 47s…

[8] Software Engineer / Full Stack Engineer @ PTCL Digital
  email careers@ptcl.com.pk [strict]
  writing tailored letter…
  preview: Hi PTCL Digital team, Your Software Engineer / Full Stack Engineer role in Islamabad fits the Next.js, TypeScript, and P…
  SENT [8/15] careers@ptcl.com.pk
  wait 44s…

[9] Software Engineer / Full Stack Engineer @ Ufone Digital
  email careers@ufone.com [strict]
  writing tailored letter…
  preview: Hi Ufone Digital team, I'm applying for the Software Engineer / Full Stack Engineer role in Islamabad. At Codet.ai, I sh…
  SENT [9/15] careers@ufone.com
  wait 47s…

[10] Software Engineer / Full Stack Engineer @ JazzCash Tech
  email careers@jazzcash.com.pk [strict]
  writing tailored letter…
  preview: Hi JazzCash Tech team, I'm interested in the Software Engineer / Full Stack Engineer role in Islamabad. At Codet.ai I bu…
  SENT [10/15] careers@jazzcash.com.pk
  wait 42s…

[11] Software Engineer / Full Stack Engineer @ Confiz Pakistan
  email careers@confiz.com [strict]
  writing tailored letter…
  preview: Hi Confiz Pakistan team, The Software Engineer / Full Stack Engineer role in Lahore fits the Next.js, TypeScript, and Py…
  SENT [11/15] careers@confiz.com
  wait 38s…

[12] Software Engineer / Full Stack Engineer @ Netsol Pakistan
  email careers@netsoltech.com [strict]
  writing tailored letter…
  preview: Hi Netsol Pakistan team, Your Software Engineer / Full Stack Engineer role fits the work I do at Codet.ai: React and Nex…
  SENT [12/15] careers@netsoltech.com
  wait 39s…

[13] Software Engineer / Full Stack Engineer @ Empiric Pakistan
  email careers@empiric.com [strict]
  writing tailored letter…
  preview: Hi Empiric Pakistan team, I'm applying for the Software Engineer / Full Stack Engineer role in Lahore. At Codet.ai, I bu…
  SENT [13/15] careers@empiric.com
  wait 45s…

[14] Software Engineer / Full Stack Engineer @ Tintash
  email careers@tintash.com [catch]
  writing tailored letter…
  preview: Hi Tintash team, I'm interested in the Software Engineer / Full Stack Engineer opening in Karachi. At Codet.ai I develop…
  SENT [14/15] careers@tintash.com
  wait 37s…

[15] Software Engineer / Full Stack Engineer @ Foodpanda Pakistan
  email careers@foodpanda.pk [catch]
  writing tailored letter…
  preview: Hi Foodpanda Pakistan team, The Software Engineer / Full Stack Engineer role in Karachi aligns with the Next.js, TypeScr…
  SENT [15/15] careers@foodpanda.pk

DONE. Sent 15/15
