Finding junior/associate SWE · Frontend · Full Stack · AI roles
Fit: React/Next/TS/Python/AI · Remote or Pakistan/Karachi · <3 YOE

[LinkedIn] searching…
  → 47 kept
[Remote OK] searching…
  → 1 kept
[We Work Remotely] searching…
  → 12 kept
[Rozee.pk] searching…
  → 0 kept
[Freehire] searching…
  → 59 kept

[Blocked-board probe]
  indeed: blocked/empty HTTP 403
  bayt: blocked/empty HTTP 403
  dice: reachable (356607 bytes) — parser not wired yet
  wellfound: reachable (721739 bytes) — parser not wired yet
  ziprecruiter: blocked/empty HTTP 403
  glassdoor: blocked/empty HTTP 403

=== TOP MATCHES (115 total) ===
 1. [22] Software Engineer I                              | Careem                 | Lahore, Punjab, Pa | linkedin
    https://pk.linkedin.com/jobs/view/software-engineer-i-at-careem-4455407005
 2. [22] Associate Software Engineer - MERN (Onsite, Laho | HR POD Careers         | Lahore, Punjab, Pa | linkedin
    https://pk.linkedin.com/jobs/view/associate-software-engineer-mern-onsite-lahore-pkr-salary-at-hr-pod-careers-4458634362
 3. [22] Associate Software Engineer (.NET)               | InfoTech Group         | Karāchi, Sindh, Pa | linkedin
    https://pk.linkedin.com/jobs/view/associate-software-engineer-net-at-infotech-group-4464605828
 4. [21] Full-Stack Developer (Python, React, AI)         | Huzzle                 | Remote             | weworkremotely
    https://weworkremotely.com/remote-jobs/huzzle-full-stack-developer-python-react-ai-1
 5. [20] AI-Native Full Stack Product Engineer            | Valsoft Corporation    | Remote             | weworkremotely
    https://weworkremotely.com/remote-jobs/valsoft-corporation-ai-native-full-stack-product-engineer
 6. [19] Junior Fullstack Developer (Python)              | AlayaCare              | Greater Montreal M | linkedin
    https://ca.linkedin.com/jobs/view/junior-fullstack-developer-python-at-alayacare-4443620979
 7. [19] Développeur fullstack junior (Python)            | AlayaCare              | Greater Montreal M | linkedin
    https://ca.linkedin.com/jobs/view/d%C3%A9veloppeur-fullstack-junior-python-at-alayacare-4443628684
 8. [19] Full-Stack Software Engineer I AI-Native Develop | Babaclick              | Gurugram, India    | freehire
    https://en-in.whatjobs.com/pub_api__cpl__242171273__7111?geoID=109364&utm_campaign=publisher&utm_medium=api&utm_source=freehire.me
 9. [19] Software Engineer (Junior/Mid) — Agentic AI (Qua | Jnaara                 | Chennai, Tamil Nad | linkedin
    https://in.linkedin.com/jobs/view/software-engineer-junior-mid-%E2%80%94-agentic-ai-quant-research-platform-chennai-on-site-at-jnaara-4452912576
10. [19] Junior Full Stack Software Engineer              | Lumion                 | South Jordan, UT   | linkedin
    https://www.linkedin.com/jobs/view/junior-full-stack-software-engineer-at-lumion-4462424149
11. [18] Full-Stack Software Engineer (.NET + React)      | CCRIPT                 | Karachi Division,  | linkedin
    https://pk.linkedin.com/jobs/view/full-stack-software-engineer-net-%2B-react-at-ccript-4462519337
12. [18] Frontend & UI/UX Developer                       | DevQuest PK            | Multan, Punjab, Pa | linkedin
    https://pk.linkedin.com/jobs/view/frontend-ui-ux-developer-at-devquest-pk-4463309421
13. [18] Frontend Developer (React)                       | Quirky Bit             | Lahore, Punjab, Pa | linkedin
    https://pk.linkedin.com/jobs/view/frontend-developer-react-at-quirky-bit-4459117752
14. [18] Cloud Engineer - Frontend-Focused(Remote, Full-T | Smart Working          | Peshawar, Khyber P | linkedin
    https://pk.linkedin.com/jobs/view/cloud-engineer-frontend-focused-remote-full-time-as315-pk-at-smart-working-4459274881
15. [18] React Native Developer                           | Techelix               | Karachi Division,  | linkedin
    https://pk.linkedin.com/jobs/view/react-native-developer-at-techelix-4464996094
16. [18] Frontend Developer                               | U-topia                | Faisalabad, Punjab | linkedin
    https://pk.linkedin.com/jobs/view/frontend-developer-at-u-topia-4461898053
17. [17] Fullstack Engineer                               | Bykea                  | Karāchi, Sindh, Pa | linkedin
    https://pk.linkedin.com/jobs/view/fullstack-engineer-at-bykea-4460448822
18. [17] Trainee Software Developer (AI Focused)          | Contour Software       | Karāchi, Sindh, Pa | linkedin
    https://pk.linkedin.com/jobs/view/trainee-software-developer-ai-focused-at-contour-software-4453138657
19. [17] Trainee Front-End Developer                      | Hiredroid              | Lahore, Punjab, Pa | linkedin
    https://pk.linkedin.com/jobs/view/trainee-front-end-developer-at-hiredroid-4453663181
20. [17] AI Product Engineer                              | Life @ Get Licensed    | Karachi Division,  | linkedin
    https://pk.linkedin.com/jobs/view/ai-product-engineer-at-life-%40-get-licensed-4461879536
21. [17] Full Stack Engineer                              | Plutus21               | Karāchi, Sindh, Pa | linkedin
    https://pk.linkedin.com/jobs/view/full-stack-engineer-at-plutus21-4462211493
22. [17] Full Stack Developer                             | Quirky Bit             | Lahore, Punjab, Pa | linkedin
    https://pk.linkedin.com/jobs/view/full-stack-developer-at-quirky-bit-4459136096
23. [15] Frontend React Developer - Energy AI Startup     | Roc Search             | London, United Kin | freehire
    https://uk.whatjobs.com/pub_api__cpl__522507860__7082?geoID=33&utm_campaign=publisher&utm_medium=api&utm_source=freehire.me
24. [14] Full Stack AI Developer                          | Sarbajira Software Pvt | Salem, India       | freehire
    https://en-in.whatjobs.com/pub_api__cpl__242172009__7111?geoID=4595&utm_campaign=publisher&utm_medium=api&utm_source=freehire.me
25. [14] FULL TIME: Software Engineer Position - React an | Yooli                  | Remote             | weworkremotely
    https://weworkremotely.com/remote-jobs/yooli-full-time-software-engineer-position-react-and-rest-1
26. [13] AI Engineer                                      | ADDMORE Services LLC   | Remote             | freehire
    https://www.careers-page.com/addmore-services/job/7X575933?utm_source=freehire.me
27. [13] AI Engineer                                      | AI Nexus Innovation Hu | Remote             | freehire
    https://t.me/dot_aware/14827?utm_source=freehire.me
28. [13] AI Engineer Data APIs                            | Benzinga               | Remote             | remoteok
    https://remoteOK.com/remote-jobs/remote-ai-engineer-data-apis-benzinga-1137224
29. [13] AI Engineer                                      | HelpMum                | Remote             | freehire
    https://t.me/jobnetworkng/35822?utm_source=freehire.me
30. [13] Full Stack Developer                             | Sur                    | Remote             | weworkremotely
    https://weworkremotely.com/remote-jobs/sur-full-stack-developer
31. [13] Python Backend Development Talent with RAG and A | Toptal                 | Remote             | weworkremotely
    https://weworkremotely.com/remote-jobs/toptal-python-backend-development-talent-with-rag-and-agentic-ai-experience
32. [13] Full Stack Developer                             | Wing Assistant         | Remote             | weworkremotely
    https://weworkremotely.com/remote-jobs/wing-assistant-full-stack-developer-1
33. [12] Associate Software Engineer                      | Kinective              | Golden, CO         | linkedin
    https://www.linkedin.com/jobs/view/associate-software-engineer-at-kinective-4462066354
34. [12] Software Engineer I                              | LG Ad Solutions        | Bengaluru, Karnata | linkedin
    https://in.linkedin.com/jobs/view/software-engineer-i-at-lg-ad-solutions-4458719155
35. [12] Junior Software Developer                        | Logitera               | Dammam, Eastern, S | linkedin
    https://sa.linkedin.com/jobs/view/junior-software-developer-at-logitera-4459458411
36. [12] Junior Software Developer                        | Mendix                 | Rotterdam, South H | linkedin
    https://nl.linkedin.com/jobs/view/junior-software-developer-at-mendix-4456943543
37. [12] Associate Software Engineer                      | Resmed                 | Sydney, New South  | linkedin
    https://au.linkedin.com/jobs/view/associate-software-engineer-at-resmed-4414654464
38. [12] Junior Software Engineer (C#)                    | Starapple              | Breda, North Braba | linkedin
    https://nl.linkedin.com/jobs/view/junior-software-engineer-c%23-at-starapple-4455714056
39. [12] Associate Software Developer                     | Transport for NSW      | Parramatta, New So | linkedin
    https://au.linkedin.com/jobs/view/associate-software-developer-at-transport-for-nsw-4462435274
40. [11] Frontend React Developer — TypeScript & Redux    | Ascend Consulting      | London, United Kin | freehire
    https://uk.whatjobs.com/pub_api__cpl__530240719__7082?geoID=33&utm_campaign=publisher&utm_medium=api&utm_source=freehire.me

Saved → /home/sleepwellsystem/Desktop/codet-webb/output/job_findings_2026-09-09.json
Sources: {'linkedin': 47, 'weworkremotely': 9, 'freehire': 58, 'remoteok': 1}
