Finding junior/associate SWE · Frontend · Full Stack · AI roles
Fit: React/Next/TS/Python/AI · Remote or Pakistan/Karachi · <3 YOE

[LinkedIn] searching…
  → 38 kept
[Remote OK] searching…
  → 1 kept
[We Work Remotely] searching…
  → 12 kept
[Rozee.pk] searching…
  → 0 kept
[Freehire] searching…
  → 59 kept
[Wellfound] searching…
  → 75 kept
[Dice] searching…
  → 61 kept
[Remotive] searching…
  → 3 kept
[Arbeitnow] searching…
  → 12 kept
[Himalayas] searching…
  → 0 kept
[Jobicy] searching…
  → 13 kept

[Still-blocked boards]
  indeed: blocked/empty HTTP 403
  bayt: blocked/empty HTTP 403
  ziprecruiter: blocked/empty HTTP 403
  glassdoor: blocked/empty HTTP 403

=== TOP MATCHES (258 total) ===
 1. [25] Fullstack Developer (React/Node.js) (Remote)   | Hire Feed            | Pakistan         | linkedin
    https://pk.linkedin.com/jobs/view/fullstack-developer-react-node-js-remote-at-hire-feed-4464935450
 2. [25] Early Career Consult Program - Associate AI En | Kforce Technology St | Remote           | dice
    https://www.dice.com/job-detail/1d134f89-6169-43ba-99a2-b898db103b46
 3. [25] Product, Platform \u0026 Enterprise Full Stack | Kyndryl              | Remote           | dice
    https://www.dice.com/job-detail/a60a36c3-6008-4ae6-82e8-44cff4114d0e
 4. [25] Product, Platform \u0026 Enterprise Full Stack | OneStream Software L | Remote           | dice
    https://www.dice.com/job-detail/4bc9f0b4-450d-405f-8c4c-f9bbd9e44f01
 5. [25] Associate AI Assisted Software Developer       | White Cap Supply Hol | Remote           | dice
    https://www.dice.com/job-detail/b3e3d92c-ceb1-4134-aad8-1f863ab84d09
 6. [22] Software Engineer I                            | Careem               | Lahore, Punjab,  | linkedin
    https://pk.linkedin.com/jobs/view/software-engineer-i-at-careem-4455407005
 7. [22] Associate Software Engineer - MERN (Onsite, La | HR POD Careers       | Lahore, Punjab,  | linkedin
    https://pk.linkedin.com/jobs/view/associate-software-engineer-mern-onsite-lahore-pkr-salary-at-hr-pod-careers-4458634362
 8. [22] Associate Software Engineer (.NET)             | InfoTech Group       | Karāchi, Sindh,  | linkedin
    https://pk.linkedin.com/jobs/view/associate-software-engineer-net-at-infotech-group-4464605828
 9. [21] Full Stack Engineer - Capital Markets (React + | EPAM Systems         | Remote           | dice
    https://www.dice.com/job-detail/88a58fbe-5815-43e6-9736-eb7e490ad942
10. [21] Full Stack Developer - React / Node / AWS      | General Dynamics     | Remote           | dice
    https://www.dice.com/job-detail/a27b6d2d-b67b-4085-bbe8-9d02b9c81a55
11. [21] Full stack React Developer - Remote            | Huron                | Remote           | dice
    https://www.dice.com/job-detail/4a4b5303-bca5-4d21-89f0-5fcc554e45f5
12. [21] Full-Stack Developer (Python, React, AI)       | Huzzle               | Remote           | weworkremotely
    https://weworkremotely.com/remote-jobs/huzzle-full-stack-developer-python-react-ai-1
13. [21] Full Stack Developer (Java/React)              | Salesforce           | Remote           | dice
    https://www.dice.com/job-detail/e5244a55-1b9b-4d93-91e7-01cada9678fa
14. [21] Front-End Full Stack Engineer with Angular and | TekLeaders, Inc      | Remote           | dice
    https://www.dice.com/job-detail/362883d9-418d-438b-8aed-25a4e374c867
15. [20] AI Java Full Stack Engineer                    | iSpace, Inc          | Remote           | dice
    https://www.dice.com/job-detail/6d1ca3ca-1cc1-4aa1-aa28-78de1bcb22a3
16. [20] Full Stack Engineer, AI Systems, Artificial In | Kforce Technology St | Remote           | dice
    https://www.dice.com/job-detail/f26dbef2-d08d-47e4-9143-ea95c3c80091
17. [20] AI-Native Full Stack Product Engineer          | Valsoft Corporation  | Remote           | weworkremotely
    https://weworkremotely.com/remote-jobs/valsoft-corporation-ai-native-full-stack-product-engineer
18. [19] Junior Fullstack Developer (Python)            | AlayaCare            | Greater Montreal | linkedin
    https://ca.linkedin.com/jobs/view/junior-fullstack-developer-python-at-alayacare-4443620979
19. [19] Développeur fullstack junior (Python)          | AlayaCare            | Greater Montreal | linkedin
    https://ca.linkedin.com/jobs/view/d%C3%A9veloppeur-fullstack-junior-python-at-alayacare-4443628684
20. [19] Full-Stack Software Engineer I AI-Native Devel | Babaclick            | Gurugram, India  | freehire
    https://en-in.whatjobs.com/pub_api__cpl__242171273__7111?geoID=109364&utm_campaign=publisher&utm_medium=api&utm_source=freehire.me
21. [19] Software Engineer (Junior/Mid) — Agentic AI (Q | Jnaara               | Chennai, Tamil N | linkedin
    https://in.linkedin.com/jobs/view/software-engineer-junior-mid-%E2%80%94-agentic-ai-quant-research-platform-chennai-on-site-at-jnaara-4452912576
22. [19] Junior Full Stack Software Engineer            | Lumion               | South Jordan, UT | linkedin
    https://www.linkedin.com/jobs/view/junior-full-stack-software-engineer-at-lumion-4462424149
23. [18] Network Software Engineer I/II (Remote - US)   | Analytics Solutions  | Remote           | dice
    https://www.dice.com/job-detail/7379613c-1fad-4b21-bb21-9a8f7610f073
24. [18] Full-Stack Software Engineer (.NET + React)    | CCRIPT               | Karachi Division | linkedin
    https://pk.linkedin.com/jobs/view/full-stack-software-engineer-net-%2B-react-at-ccript-4462519337
25. [18] Frontend & UI/UX Developer                     | DevQuest PK          | Multan, Punjab,  | linkedin
    https://pk.linkedin.com/jobs/view/frontend-ui-ux-developer-at-devquest-pk-4463309421
26. [18] Junior Java Developer/Software Engineer        | Huron                | Remote           | dice
    https://www.dice.com/job-detail/8fe0f035-fdb1-45ab-b9cb-575a3ab420c4
27. [18] Junior Java Developer/Software Engineer        | NinjaTrader          | Remote           | dice
    https://www.dice.com/job-detail/077f39f3-05ff-4b38-a0b8-c8e2940cec4a
28. [18] Software Engineer I                            | OneStream Software L | Remote           | dice
    https://www.dice.com/job-detail/38985f45-50c6-483e-b739-c54a0634e5ae
29. [18] Entry Level Software Engineer                  | Parachute Health     | Remote           | dice
    https://www.dice.com/job-detail/67e08b66-bf40-4d51-8298-7ffdecebfe49
30. [18] Software Engineer, Machine Learning Platform,  | Pioneer Consulting S | Remote           | dice
    https://www.dice.com/job-detail/b8345cd4-7a1a-4112-b83f-83504a03d65b
31. [18] Frontend Developer (React)                     | Quirky Bit           | Lahore, Punjab,  | linkedin
    https://pk.linkedin.com/jobs/view/frontend-developer-react-at-quirky-bit-4459117752
32. [18] Entry Level Software Developer                 | Quora                | Remote           | dice
    https://www.dice.com/job-detail/67ded08b-12e4-46b6-851b-7af554f9389c
33. [18] Cloud Engineer - Frontend-Focused(Remote, Full | Smart Working        | Peshawar, Khyber | linkedin
    https://pk.linkedin.com/jobs/view/cloud-engineer-frontend-focused-remote-full-time-as315-pk-at-smart-working-4459274881
34. [18] Frontend Developer                             | U-topia              | Faisalabad, Punj | linkedin
    https://pk.linkedin.com/jobs/view/frontend-developer-at-u-topia-4461898053
35. [17] Fullstack Engineer                             | Bykea                | Karāchi, Sindh,  | linkedin
    https://pk.linkedin.com/jobs/view/fullstack-engineer-at-bykea-4460448822
36. [17] Trainee Software Developer (AI Focused)        | Contour Software     | Karāchi, Sindh,  | linkedin
    https://pk.linkedin.com/jobs/view/trainee-software-developer-ai-focused-at-contour-software-4453138657
37. [17] Trainee Front-End Developer                    | Hiredroid            | Lahore, Punjab,  | linkedin
    https://pk.linkedin.com/jobs/view/trainee-front-end-developer-at-hiredroid-4453663181
38. [17] AI Product Engineer                            | Life @ Get Licensed  | Karachi Division | linkedin
    https://pk.linkedin.com/jobs/view/ai-product-engineer-at-life-%40-get-licensed-4461879536
39. [17] Full Stack Engineer                            | Plutus21             | Karāchi, Sindh,  | linkedin
    https://pk.linkedin.com/jobs/view/full-stack-engineer-at-plutus21-4462211493
40. [15] Product Engineer - Brand - Fullstack, Backend  | Faire                | Toronto          | wellfound
    https://wellfound.com/jobs/faire-wholesale-4522897-product-engineer-brand-fullstack-backend-or-frontend
41. [15] Full Stack Web Engineer (Python & React)       | Oowlish Technology   | Argentina,  Braz | jobicy
    https://jobicy.com/jobs/151496-full-stack-web-engineer-python-react
42. [15] Frontend React Developer - Energy AI Startup   | Roc Search           | London, United K | freehire
    https://uk.whatjobs.com/pub_api__cpl__522507860__7082?geoID=33&utm_campaign=publisher&utm_medium=api&utm_source=freehire.me
43. [14] React.JS Developer                             | Blackstraw LLC       | Remote           | dice
    https://www.dice.com/job-detail/4802e6d7-7bff-4d3d-8429-4b5aa278e3ae
44. [14] Cloud Software Developer (Node.js and React.js | Cleveland Clinic     | Remote           | dice
    https://www.dice.com/job-detail/a374f08c-99c3-4550-b3fe-2ae93751c984
45. [14] Frontend Developer                             | Columbus Technology  | Remote           | dice
    https://www.dice.com/job-detail/737dd0e4-9acb-4925-b68d-7ae76cd4ebf8
46. [14] Frontend Developer                             | Connection           | Remote           | dice
    https://www.dice.com/job-detail/c752e0d1-db91-4017-8f3e-6846d63fc14c
47. [14] Frontend Engineer                              | EQLand Technology    | Remote           | wellfound
    https://wellfound.com/jobs/eqland-technology-2416798-frontend-engineer
48. [14] .Net React Developer                           | Global Soft Systems  | Remote           | dice
    https://www.dice.com/job-detail/e33f2fa2-3875-44b8-82b8-ebff356367c2
49. [14] Full Stack Developer - AI Marketplace          | Loftorbital          | Toulouse, Occita | arbeitnow
    https://www.arbeitnow.fr/jobs/companies/loftorbital/full-stack-developer-ai-marketplace-toulouse-occitanie-190872
50. [14] Frontend Engineer                              | Made Card            | Remote (United S | wellfound
    https://wellfound.com/jobs/madecard-3499622-frontend-engineer

Saved → /home/sleepwellsystem/Desktop/codet-webb/output/job_findings_2026-09-09.json
Sources: {'linkedin': 38, 'dice': 59, 'weworkremotely': 9, 'freehire': 58, 'wellfound': 68, 'jobicy': 13, 'arbeitnow': 11, 'remoteok': 1, 'remotive': 1}
