→ DynaSys Network (dynasysnetworks.com)
  queued info@dynasysnetworks.com [user-forced published]
→ Shispare (shispare.com)
  queued info@shispare.com [user-forced published]
→ Woot Tech (woot-tech.com)
  queued info@woot-tech.com [user-forced published]
→ Asani.io (asani.io)
  queued hello@asani.io [user-forced published]
→ Techbey (techbey.pk)
  no verified email
→ Peekaboo Guru (peekaboo.guru)
  queued contact@peekaboo.guru [user-forced published]
→ Tapsys (tapsys.pk)
  no verified email
→ FetchSky (fetchsky.com)
  no verified email
→ Future Technologies (futuretech.com.pk)
  no verified email
→ Avanza Premier Payment Services (avanza.com.pk)
  no verified email
→ Crystal System Solution (crystalsystem.com.pk)
  no verified email
→ Integrated System Engineering (ise.com.pk)
  no verified email
→ AKS iQ (aksiq.com)
  no verified email
→ Knowledge Hub Global (knowledgehub.global)
  no verified email
→ Rely (rely.co)
  no verified email
SKIP already contacted: Softech Worldwide
SKIP already contacted: Systems Limited
→ RepairDesk (repairdesk.co)
  queued hello@repairdesk.co [strict-valid]
→ Novocall (novocall.co)
  no verified email
→ Delve Deeper (delvedeeper.com)
  no verified email

Queue: 6 → /home/sleepwellsystem/Desktop/codet-webb/output/emails_nastp_khi_2026-08-31.csv

Letter for DynaSys Network…
SENT [1] info@dynasysnetworks.com (DynaSys Network)
wait 59s…

Letter for Shispare…
SENT [2] info@shispare.com (Shispare)
wait 61s…

Letter for Woot Tech…
SENT [3] info@woot-tech.com (Woot Tech)
wait 49s…

Letter for Asani.io…
SENT [4] hello@asani.io (Asani.io)
wait 53s…

Letter for Peekaboo Guru…
SENT [5] contact@peekaboo.guru (Peekaboo Guru)
wait 48s…

Letter for RepairDesk…
