leads in queue file: 141

=== Pass A: ATS boards (Ashby/Greenhouse/Lever) ===

[A] Resilio <eklinker@resilio.com>
  no ATS board — defer

[A] Enboarder <dan@enboarder.com>
  no ATS board — defer

[A] Insightin Technology Bangladesh Ltd. <enoor@insightinhealth.com>
  no ATS board — defer

[A] Redesign Health <deepak@oxfordvr.org>
  no ATS board — defer

[A] Interplay <do@interplay.vc>
  no ATS board — defer

[A] Soloinsight (CloudGate Platform) <fm@soloinsight.com>
  no ATS board — defer

[A] HealthPlanIQ <craig@healthplaniq.ai>
  no ATS board — defer

[A] Health2Business <doug.hetherington@myh2b.com>
  no ATS board — defer

[A] Talent Labs AI <erik@talentlabs.ai>
  no ATS board — defer

[A] Eprecisio Technologies LLC <ehtisham@eprecisio.com>
  no ATS board — defer

[A] Airblox <edip@airblox.com>
  no ATS board — defer

[A] Trova Health <dana@trova.health>
  no ATS board — defer

[A] Penguin Ai <fawad@penguinai.co>
  no ATS board — defer

[A] Cupsnchai - South Asian Chai Cafe Startup <bilal.husain@cupsnchai.com>
  no ATS board — defer

[A] Datapath <david@mydatapath.com>
  no ATS board — defer

[A] Datum AI <amartya@datum-ai.com>
  no ATS board — defer

[A] DeepLearning.AI <andrew@deeplearning.ai>
  no ATS board — defer

[A] Flatirons AI <adavda@flatironsai.com>
  no ATS board — defer

[A] Forbes Technology Council <akasyanau@forbes.com>
  no ATS board — defer

[A] Glober AI <chris@glober.ai>
  no ATS board — defer

[A] Head Health, Inc. <anthony.cocco@headhealth.io>
  no ATS board — defer

[A] Hucu.AI <asif@hucu.ai>
  no ATS board — defer

[A] JIFFY.ai <babu.sivadasan@jiffy.ai>
  no ATS board — defer

[A] MindHYVE.ai <bill@mindhyve.ai>
  no ATS board — defer

[A] Peeker AI <conrad@peeker.ai>
  no ATS board — defer

[A] Resemble AI <zohaib@resemble.ai>
  no ATS board — defer

[A] Samrai Properties Group <aj@samraiproperties.com>
  no ATS board — defer

[A] Scry AI <alokaggarwal@scryai.com>
  no ATS board — defer

[A] The AI Collective <chappy@aicollective.com>
  no ATS board — defer

[A] Torque AI <chris@torqueapp.ai>
  no ATS board — defer

[A] Xorbix Technologies, Inc. <asif@xorbix.com>
  no ATS board — defer

[A] VideaHealth <florian.hillen@videahealth.io>
  no ATS board — defer

[A] Business Consultants Pro <faizan.khan@businessconsultantspro.com>
  no ATS board — defer

[A] Media Luna Creations <michael@medialuna.io>
  no ATS board — defer

[A] Build Scale Prosper <erik@buildscaleprosper.com>
  no ATS board — defer

[A] Cosmoon Media <kalash@cosmoonmedia.com>
  no ATS board — defer

[A] OpenWorkspace <david@openworkspace.com>
  no ATS board — defer

[A] QuickDesign <enes@quickdesign.io>
  no ATS board — defer

[A] Demand Cues <dd@d3mandable.com>
  no ATS board — defer

[A] Pareto & Company <cory@paretoandcompany.com>
  no ATS board — defer

[A] The Brighthouse <erin@thebrighthouse.us>
  no ATS board — defer

[A] Treasure Coast Ventures <craig@treasurecoastventures.com>
  no ATS board — defer

[A] CoinCircle <erick@coincircle.com>
  no ATS board — defer

[A] 273 Ventures <dan@273ventures.com>
  no ATS board — defer

[A] Breyer Capital <daniel@breyercapital.com>
  no ATS board — defer

[A] FinTank <david.carman@global-dca.org>
  no ATS board — defer

[A] PuppyDog.io <fahad@puppydog.io>
  no ATS board — defer

[A] bitHuman <efe@joinsupra.com>
  no ATS board — defer

[A] Mavik Ventures <darren@mavikventures.com>
  no ATS board — defer

[A] Union Square Consulting <eddie@unionsquareconsulting.com>
  no ATS board — defer

[A] Workflows.io <dan@workflows.io>
  no ATS board — defer

[A] Global Quantum Intelligence, LLC <andre@global-qi.com>
  no ATS board — defer

[A] 20/20 Insights <dave@2020insights.net>
  no ATS board — defer

[A] Transact Capital Partners, LLC <dan@transactcapital.com>
  no ATS board — defer

[A] UniAngels <elisa.pereira@uniangels.com.br>
  no ATS board — defer

[A] MEDSURETY, LLC <dcantu@medsurety.com>
  no ATS board — defer

[A] Powder <david.goerz@powderfi.com>
  no ATS board — defer

[A] Town Hall Ventures <david@townhallventures.com>
  no ATS board — defer

[A] TheSocialArchitects <dc@thesocialarchitects.co>
  no ATS board — defer

[A] Rise25 <jeremy@rise25.com>
  no ATS board — defer

[A] Activeloop <d@activeloop.ai>
  no ATS board — defer

[A] AutonomyWorks <dave@emailautonomy.com>
  no ATS board — defer

[A] Admiral: The Visitor Relationship Management (VRM) Company <dan@getadmiral.com>
  no ATS board — defer

[A] Zentap <datmo@zentap.com>
  no ATS board — defer

[A] Private Wealth Systems <cpearson@privatewealthsystems.com>
  no ATS board — defer

[A] PRS Global, LLC <dcox@prsglobal.com>
  no ATS board — defer

[A] Coresight Research <deborahweinswig@coresight.com>
  no ATS board — defer

[A] Subtle Medical <enhao@subtlemedical.com>
  no ATS board — defer

[A] Hello Alice <elizabeth@helloalice.com>
  no ATS board — defer

[A] American Institute of Artificial Intelligence <al.naqvi@americanai.com>
  no ATS board — defer

[A] Augmeta <arslan@augmeta.ai>
  no ATS board — defer

[A] Avenue Talent Partners <amyv@avenue-tp.com>
  no ATS board — defer

[A] Beyond Enterprises LLC <byasar@beyondenterprizes.com>
  no ATS board — defer

[A] Blue Voice Inc. <amit@bluevoice.io>
  no ATS board — defer

[A] Brale <chase@brale.xyz>
  no ATS board — defer

[A] BRFConsulting <angelo@brfconsulting.com>
  no ATS board — defer

[A] Calculation Consulting <charles@calculationconsulting.com>
  no ATS board — defer

[A] Clinch AGI <uday@clinchit.io>
  no ATS board — defer

[A] Coe Financial Group <chad@coefinancial.com>
  no ATS board — defer

[A] ColdIQ <alex@coldiq.com>
  no ATS board — defer

[A] ContextFort <ashwin@contextfort.ai>
  no ATS board — defer

[A] Dipalo Ventures <rafiq@dipaloventures.com>
  no ATS board — defer

[A] District <drodio@joindistrict.com>
  no ATS board — defer

[A] DocIndia <anujs@docindia.org>
  no ATS board — defer

[A] Empower Leadership, LLC <awolmer@empowerleadership.net>
  no ATS board — defer

[A] Enertiv <connell@enertiv.com>
  no ATS board — defer

[A] Eularis <abates@eularis.com>
  no ATS board — defer

[A] Evoque Impact <sumeet@evoqueimpact.com>
  no ATS board — defer

[A] Forge <brian@forgeglobal.com>
  no ATS board — defer

[A] Fractionally <amilcar@fractionally.co>
  no ATS board — defer

[A] Jackson Dawson <bstiekes@jacksondawson.com>
  no ATS board — defer

[A] Korbyt <colm.nee@korbyt.com>
  no ATS board — defer

[A] Levee <al@levee.biz>
  no ATS board — defer

[A] Mabbly <adam@mabbly.com>
  no ATS board — defer

[A] Marvenn <dan@marvenn.ai>
  no ATS board — defer

[A] Mercer Advisors <ccataldo@merceradvisors.com>
  no ATS board — defer

[A] Orange Labs <britney@orangelabs.co>
  no ATS board — defer

[A] Orbit Media Studios <andy@orbitmedia.com>
  no ATS board — defer

[A] Paragon Rentals Inc <alexleo@paragonsquare.ai>
  no ATS board — defer

[A] Pilot Wave Holdings <afsheen.afshar@pilotwaveholdings.com>
  no ATS board — defer

[A] Stacks <ali@stacksai.com>
  no ATS board — defer

[A] testRigor <artem.golubev@testrigor.com>
  no ATS board — defer

[A] The Catalyst <chitra@thecatalyst.io>
  no ATS board — defer

[A] The Golden Phoenix Group <ann.hoeger@thegoldenphoenixgroup.com>
