queue=20 target=20
  rem=True n=2 Bitcoiner Jobs → cory@swanbitcoin.com (Cory Klippsten)
  rem=True n=8 Boardwalk Marketing → dylan@boardwalk.marketing (Dylan Farnsworth)
  rem=True n=8 ConvertFlow → ethan@convertflow.com (Ethan Denney)
  rem=True n=13 Recruits Lab → darren@recruitslab.com (Darren Nelson)
  rem=True n=19 Digitalogy LLC → dwayne@digitalogy.co (Dwayne Anderson)
  rem=True n=? CommissionCrowd → laura@commissioncrowd.com (Laura McGregor)
  rem=True n=? Hamsa → adam@hamsa.com (Adam Zbar)
  rem=True n=? Immerss → aveytsman@immerss.live (Arthur Veytsman)
  rem=True n=? S4DS Software → carlos.florez@s4ds.com (Carlos Florez)
  rem=True n=? The AI Collective → chappy@aicollective.com (Chappy Asel)
  rem=True n=80 District → drodio@joindistrict.com (DROdio - Daniel R. Odio)
  rem=True n=89 Enboarder → dan@enboarder.com (Daniel Finnigan)
  rem=True n=93 Resilio → eklinker@resilio.com (Eric Klinker)
  rem=True n=180 Rad AI → doktor@radai.com (Doktor Gurson)
  rem=False n=3 Cosmoon Media → kalash@cosmoonmedia.com (Kalash Jain)
  rem=False n=3 QuickDesign → enes@quickdesign.io (Enes KIRCA)
  rem=False n=4 HealthPlanIQ → craig@healthplaniq.ai (Craig Rosenthal)
  rem=False n=7 CoinCircle → erick@coincircle.com (Erick Miller)
  rem=False n=7 Talent Labs AI → erik@talentlabs.ai (Erik Juhl)
  rem=False n=9 PuppyDog.io → fahad@puppydog.io (Fahad Aziz)

[1] Bitcoiner Jobs → cory@swanbitcoin.com
  writing tailored letter…
  preview: Hi Cory, I'm asking about the Junior / Associate Software Engineer path across full stack, frontend, or AI engineering. At Codet.a…
  SENT [1/20] cory@swanbitcoin.com
  wait 45s…

[2] Boardwalk Marketing → dylan@boardwalk.marketing
  writing tailored letter…
  preview: Hi Dylan, I am interested in Junior or Associate Software Engineer work across your full stack, frontend, or AI engineering tracks…
  SENT [2/20] dylan@boardwalk.marketing
  wait 47s…

[3] ConvertFlow → ethan@convertflow.com
  writing tailored letter…
  preview: Hi Ethan, I am reaching out about junior or associate software engineer roles across your full stack, frontend, or AI tooling work…
  SENT [3/20] ethan@convertflow.com
  wait 55s…

[4] Recruits Lab → darren@recruitslab.com
  writing tailored letter…
  preview: Hi Darren, I am asking about your Junior / Associate Software Engineer work across full stack, frontend, and AI, since my current …
  SENT [4/20] darren@recruitslab.com
  wait 45s…

[5] Digitalogy LLC → dwayne@digitalogy.co
  writing tailored letter…
  preview: Hi Dwayne, I'm reaching out about Junior / Associate Software Engineer opportunities across your full stack, frontend, or AI-engin…
  SENT [5/20] dwayne@digitalogy.co
  wait 45s…

[6] CommissionCrowd → laura@commissioncrowd.com
  writing tailored letter…
  preview: Hi Laura, I'm interested in your Junior / Associate Software Engineer path across full stack, frontend, or AI engineering. Your st…
  SENT [6/20] laura@commissioncrowd.com
  wait 43s…

[7] Hamsa → adam@hamsa.com
  writing tailored letter…
  preview: Hi Adam, If you are hiring Junior or Associate Software Engineers in full stack, frontend, or AI, my work at Codet.ai already matc…
  SENT [7/20] adam@hamsa.com
  wait 48s…

[8] Immerss → aveytsman@immerss.live
  writing tailored letter…
  preview: Hi Arthur, I wanted to ask whether you are hiring a Junior or Associate Software Engineer for full stack, frontend, or AI tooling.…
  SENT [8/20] aveytsman@immerss.live
  wait 40s…

[9] S4DS Software → carlos.florez@s4ds.com
  writing tailored letter…
  preview: Hi Carlos, I'm reaching out about your Junior / Associate Software Engineer track across full stack, frontend, and AI engineering.…
  SENT [9/20] carlos.florez@s4ds.com
  wait 55s…
