Crawling JSGuru job listings…
  listing page 1/56  jobs 10
  listing page 2/56  jobs 20
  listing page 3/56  jobs 30
  listing page 4/56  jobs 40
  listing page 5/56  jobs 50
  listing page 6/56  jobs 60
  listing page 7/56  jobs 70
  listing page 8/56  jobs 80
  listing page 9/56  jobs 90
  listing page 10/56  jobs 100
  listing page 11/56  jobs 110
  listing page 12/56  jobs 120
  listing page 13/56  jobs 130
  listing page 14/56  jobs 140
  listing page 15/56  jobs 150
  listing page 16/56  jobs 160
  listing page 17/56  jobs 170
  listing page 18/56  jobs 180
  listing page 19/56  jobs 190
  listing page 20/56  jobs 200
  listing page 21/56  jobs 210
  listing page 22/56  jobs 220
  listing page 23/56  jobs 230
  listing page 24/56  jobs 240
  listing page 25/56  jobs 250
  listing page 26/56  jobs 260
  listing page 27/56  jobs 270
  listing page 28/56  jobs 280
  listing page 29/56  jobs 290
  listing page 30/56  jobs 300
  listing page 31/56  jobs 310
  listing page 32/56  jobs 320
  listing page 33/56  jobs 330
  listing page 34/56  jobs 340
  listing page 35/56  jobs 350
  listing page 36/56  jobs 360
  listing page 37/56  jobs 370
  listing page 38/56  jobs 380
  listing page 39/56  jobs 390
  listing page 40/56  jobs 400
  listing page 41/56  jobs 410
  listing page 42/56  jobs 420
  listing page 43/56  jobs 430
  listing page 44/56  jobs 440
  listing page 45/56  jobs 450
  listing page 46/56  jobs 460
  listing page 47/56  jobs 470
  listing page 48/56  jobs 480
  listing page 49/56  jobs 490
  listing page 50/56  jobs 500
  listing page 51/56  jobs 510
  listing page 52/56  jobs 520
  listing page 53/56  jobs 530
  listing page 54/56  jobs 540
  listing page 55/56  jobs 550
  listing page 56/56  jobs 557
unique companies: 523  (from 557 jobs)
  DOMAIN  Databricks                               databricks.com
  DOMAIN  Entefy                                   entefy.com
  DOMAIN  MLabs                                    mlabs.com.br
  DOMAIN  Beyond                                   beyond.com
  NO DOMAIN  Makeway
  DOMAIN  Neuroscale                               neuroscale.io
  DOMAIN  Runpod                                   runpod.io
  DOMAIN  lemlist                                  lemlist.com
  DOMAIN  Oscilar                                  oscilar.com
  NO DOMAIN  Dutch Vet
  DOMAIN  Gismart                                  gismart.com
  DOMAIN  TRM Labs                                 trmlabs.com
  DOMAIN  Air Apps                                 airapps.co
  DOMAIN  Pebl                                     thepebl.com
  DOMAIN  Wakeflow                                 wakeflow.io
  DOMAIN  Able                                     ableclothing.com
  DOMAIN  TJM Labs                                 tjmlabs.com
  DOMAIN  GoGuardian                               goguardian.com
  NO DOMAIN  COLIBRIX ONE
  DOMAIN  Optix                                    optixapp.com
  DOMAIN  Multi Media, LLC                         multimediallc.com
  DOMAIN  Yoko Co                                  yokoco.com
  DOMAIN  HighLevel                                gohighlevel.com
  DOMAIN  Ubiquiti                                 ui.com
  DOMAIN  Sony Interactive Entertainment           sonyinteractive.com
  DOMAIN  Censys                                   censys.com.ar
  NO DOMAIN  Coinspaid Solutions
  DOMAIN  Whippy                                   whippy.ai
  DOMAIN  KoBold                                   kobold.com
  DOMAIN  Trust Wallet                             trustwallet.com
  DOMAIN  Xsolla                                   xsolla.com
  DOMAIN  Airalo                                   airalo.com
  DOMAIN  HumanSignal                              humansignal.com
  DOMAIN  SerpApi                                  serpapi.com
  DOMAIN  Appsilon                                 appsilon.com
  DOMAIN  Bellese                                  bellese.com
  DOMAIN  Dev.Pro                                  dev.pro
  DOMAIN  pubGENIUS                                pubgenius.io
  DOMAIN  Bright Data                              brightdata.com
  DOMAIN  PadSplit                                 padsplit.com
  DOMAIN  Hospitable                               hospitable.com
  DOMAIN  Intetics                                 intetics.com
  DOMAIN  OptiPlay                                 optiplay.io
  DOMAIN  Huzzle                                   huzzle.app
  DOMAIN  CareerSwift                              careerswift.in
  DOMAIN  Roamless                                 roamless.com
  NO DOMAIN  Aleph
  DOMAIN  Backpack                                 backpacker.com
  DOMAIN  Dilitrust                                dilitrust.com
  DOMAIN  ShopFully                                shopfully.com.au
  DOMAIN  Magnet Forensics                         magnetforensics.com
  DOMAIN  LottieFiles                              lottiefiles.com
  DOMAIN  HTTPie                                   httpie.io
  DOMAIN  Anovium                                  anovium.com
  DOMAIN  Sidekick                                 sidekicker.com
  DOMAIN  LawnStarter                              lawnstarter.com
  DOMAIN  Teramind                                 teramind.co
  NO DOMAIN  Backpack Exchange
  DOMAIN  Clay                                     clay.com
  DOMAIN  Nerdy                                    nerdy.com
  DOMAIN  BrightData                               brightdata.com
  DOMAIN  Cosuno                                   cosuno.com
  DOMAIN  AtlasGrid                                atlasgrid.ai
  DOMAIN  Squads                                   squads.so
  DOMAIN  Gorin Systems                            gorinsystems.com
  DOMAIN  Slite                                    slite.com
  DOMAIN  Uniswap                                  uniswap.org
  DOMAIN  VRChat                                   vrchat.com
  DOMAIN  Publitas                                 publitas.com
  DOMAIN  Avochato                                 avochato.com
  DOMAIN  Lightning AI                             lightning.ai
  DOMAIN  Flick                                    flick.co
  DOMAIN  SoSafe                                   sosafe-awareness.com
  DOMAIN  Checkly                                  checklyhq.com
  DOMAIN  Jiga                                     jiga.io
  DOMAIN  Primer                                   sayprimer.com
  DOMAIN  VOYGR                                    voygr.com
  DOMAIN  InPost                                   inpost.pl
  DOMAIN  Pinterest                                pinterest.com
  DOMAIN  Inizio Evoke                             inizioevoke.com
  DOMAIN  Fieldguide ]                             fieldguides.com
  NO DOMAIN  WGU
  NO DOMAIN  Grafana
  DOMAIN  SigNoz                                   signoz.io
  DOMAIN  Acceldata                                acceldata.io
  DOMAIN  Deel                                     deel.com
  DOMAIN  Netcore                                  asatryan.de
  DOMAIN  Movable Ink                              movableink.com
  DOMAIN  Vanta                                    vanta.com
  DOMAIN  Voicemod                                 voi.com
  DOMAIN  Hostaway                                 hostaway.com
  DOMAIN  Zscaler                                  zscaler.com
  DOMAIN  Alpaca                                   alpaca.markets
  DOMAIN  LumiMeds                                 lumimeds.com
  DOMAIN  voxel51                                  voxel51.com
  DOMAIN  Files.com                                files.com
  DOMAIN  Prelim                                   prelim.com
  DOMAIN  Endurance Warranty                       endurancewarranty.com
  DOMAIN  Neegles                                  neegles.com
  DOMAIN  Jibble                                   jibble.io
  DOMAIN  Decile Group                             decilegroup.com
  DOMAIN  Manta Network                            manta.network
  DOMAIN  Netlify                                  netlify.com
  DOMAIN  Infatica.io                              infatica.io
  DOMAIN  Mural                                    mural.co
  DOMAIN  Vianai                                   vianair.com
  DOMAIN  Nango                                    nango.dev
  NO DOMAIN  Retell AI
  DOMAIN  GXM Technologies                         gxmtechnologies.com
  DOMAIN  Worldly                                  myworldly.com
  DOMAIN  Kodify                                   kodify.io
  NO DOMAIN  Bolt.new
  DOMAIN  DataCamp                                 datacamp.com
  DOMAIN  Chess.com                                chess.com
  DOMAIN  Pitchup                                  pitchup.com
  DOMAIN  LI.FI                                    li.fi
  DOMAIN  Action1                                  action.com
  DOMAIN  vCluster                                 vcluster.com
  DOMAIN  Songtradr                                songtradr.com
  DOMAIN  Popl                                     popl.co
  DOMAIN  vidIQ                                    vidiq.com
  DOMAIN  Luna Joy                                 lunajoya.com
  DOMAIN  Ghost                                    ghost.org
  DOMAIN  Impiricus                                impiricus.com
  DOMAIN  DualEntry                                dualentry.com
  DOMAIN  SIROC                                    gruposiroc.com
  DOMAIN  CircleCI                                 circleci.com
  DOMAIN  The Publisher Desk                       publisherdesk.com
  DOMAIN  TeamSnap                                 teamsnap.com
  NO DOMAIN  Carnegie
  DOMAIN  Maropost                                 maropost.com
  DOMAIN  Elastic                                  elastic.co
  DOMAIN  Machinify                                machinify.com
  DOMAIN  Wix                                      wix.com
  DOMAIN  NMI                                      nmi.com
  DOMAIN  Immersive                                immersive-g.com
  DOMAIN  Truelogic                                truelogic.com.ph
  DOMAIN  Acquia                                   acquia.com
  NO DOMAIN  10up
  NO DOMAIN  Great Gray Group
  NO DOMAIN  Q4
  DOMAIN  Vonage                                   vonage.com
  DOMAIN  Superside                                superside.com
  DOMAIN  Phantom                                  phantom.app
  DOMAIN  Kraken                                   kraken.com
  DOMAIN  Juniper Square                           junipersquare.com
  DOMAIN  refurbed                                 refurbed.de
  DOMAIN  VidRush                                  vidrush.com
  DOMAIN  InApp                                    inapp.com
  DOMAIN  Optune                                   optune.me
  DOMAIN  FYUL                                     fyul.com
  NO DOMAIN  TELUS Digital
  DOMAIN  Zendr                                    zendr.co
  DOMAIN  Rithum                                   rithum.com
  NO DOMAIN  Zealogicsllc
  DOMAIN  Metrikflow                               metrikflow.com
  DOMAIN  RegScale                                 regscale.com
  DOMAIN  Solvd Inc.                               solvdinc.com
  DOMAIN  Contentful                               contentful.com
  DOMAIN  Slice                                    slicelife.com
  DOMAIN  All.Health                               allhealthtv.com
  DOMAIN  EcoOnline                                ecoonline.com
  DOMAIN  Compassion                               compassion.com
  DOMAIN  Alvys                                    alvys.com
  DOMAIN  Filevine                                 filevine.com
  DOMAIN  Olo                                      olo.com
  DOMAIN  BetterHelp                               betterhelp.com
  DOMAIN  Jiffy                                    jiffy.ai
  DOMAIN  Case IQ                                  caseiq.com
  DOMAIN  Symmetry Systems                         symmetry-systems.com
  DOMAIN  Affirm                                   affirm.com
  DOMAIN  FyerX                                    fyerx.com
  DOMAIN  MDFinance                                mdfinanceira.com.br
  NO DOMAIN  IMO
  DOMAIN  hellomed                                 hellomedia.team
  DOMAIN  StackAdapt                               stackadapt.com
  DOMAIN  General Dynamics Information Technology  gdit.com
  DOMAIN  Attentive                                attentive.com
  DOMAIN  Bentley                                  bentley.com
  DOMAIN  Amgen                                    amgen.com
  DOMAIN  15Five                                   15five.com
  DOMAIN  Mitratech                                mitratech.com
  DOMAIN  Medecision                               medecision.com
  NO DOMAIN  Loop
  DOMAIN  Mozilla                                  mozilla.org
  DOMAIN  Andersen                                 andersenlab.com
  DOMAIN  Expertvoice                              expertvoice.com
  DOMAIN  ETFbook                                  etfbook.com
  DOMAIN  Violet Labs                              violetlabs.com
  NO DOMAIN  Vyro
  DOMAIN  Mercor                                   mercorne.fr
  DOMAIN  Zenport                                  zenport.io
  DOMAIN  Paddle                                   paddle.com
  DOMAIN  LeoLabs                                  leolabs.space
  NO DOMAIN  Capco Poland
  NO DOMAIN  Q-Centrix
  DOMAIN  Front                                    front.com
  DOMAIN  South Geeks                              southgeeks.com
  DOMAIN  Klarity                                  klarityclothing.com
  NO DOMAIN  Obilet.com
  NO DOMAIN  Arbor
  DOMAIN  Atolye15                                 atolye15.com
  DOMAIN  Blink Health                             blinkhealth.com
  DOMAIN  MVST                                     mvstselect.com
  DOMAIN  CompanyCam                               companycam.com
  DOMAIN  ChowNow                                  chownow.com
  DOMAIN  Blue Coding                              bluecoding.com
  DOMAIN  Meshy                                    meshy.co.uk
  DOMAIN  Hopper                                   hopper.com
  DOMAIN  Epicor                                   epicor.com
  DOMAIN  Crunchafi                                crunchafi.com
  DOMAIN  Cashflowy                                cashflowy.in
  DOMAIN  Passport                                 passports.gov.au
  DOMAIN  Nexus                                    nexus.radio
  DOMAIN  RadarFirst                               radarfirst.com
  DOMAIN  PeopleFinders.com                        peoplefinders.com
  DOMAIN  Luxury Presence                          luxurypresence.com
  DOMAIN  Numan                                    numan.com
  DOMAIN  Commerce                                 commerce.gov
  DOMAIN  Baymard                                  baymard.com
  DOMAIN  BrainRocket                              brainrocket.fr
  DOMAIN  Montu                                    montu.com.au
  DOMAIN  Allstate                                 allstate.com
  NO DOMAIN  Pollard Digital Solutions
  DOMAIN  Foodsmart                                foodsmartstores.com
  DOMAIN  ablefy                                   ablefy.com
  DOMAIN  Kyra                                     kyra.ae
  DOMAIN  Playson                                  playson.com
  DOMAIN  Cribl                                    cribl.io
  DOMAIN  meetergo                                 meetergo.com
  DOMAIN  Melotech                                 melotech.co.uk
  DOMAIN  Amazon                                   amazon.com
  DOMAIN  Apple                                    apple.com
  DOMAIN  Jane                                     jane.com
  DOMAIN  Zenitech                                 zenitech.com.br
  DOMAIN  Intermedia                               intermedia.com
  DOMAIN  Karbon                                   karbonhq.com
  DOMAIN  Creatio                                  creatio.com
  NO DOMAIN  P-1 AI
  NO DOMAIN  OLX
  DOMAIN  Galaxy weblinks                          galaxyweblinks.com
  DOMAIN  The Bright Hotel                         thebrighthotel.com
  DOMAIN  SoftServe                                softserveinc.com
  DOMAIN  Netskope                                 netskope.com
  DOMAIN  Fundraise Up                             fundraiseup.com
  NO DOMAIN  GR8 Tech
  DOMAIN  Palta                                    palta.com
  DOMAIN  Veeam                                    veeam.com
  DOMAIN  Play’n GO                                playngo.com
  DOMAIN  Procys                                   procys.eu
  DOMAIN  DocuSketch                               docusketch.com
  DOMAIN  Made2Flow                                made2flow.com
  DOMAIN  Danfoss                                  danfoss.com
  DOMAIN  Terminalfour                             terminalfour.com
  DOMAIN  Zartis                                   zartis.com
  NO DOMAIN  Gravity 9
  DOMAIN  Vannevar                                 vnvr.us
  DOMAIN  Open Home Foundation                     openhomefoundation.com
  DOMAIN  SOFTGAMES                                softgames.com
  NO DOMAIN  Open Assessment Technologies
  DOMAIN  Coinbase                                 coinbase.com
  DOMAIN  GoSolve                                  gosolve.io
  DOMAIN  Momentum                                 momentum.co.za
  DOMAIN  Wizeline                                 wizeline.com
  DOMAIN  Canaan Advisors,                         canaanadvisors.com
  DOMAIN  Precisely                                precisely.com
  DOMAIN  Intellias                                intellias.com
  DOMAIN  Software Mind                            softwaremind.com
  DOMAIN  O’Reilly                                 oreilly.com
  DOMAIN  Caixa Mágica Software                    caixamagica.pt
  DOMAIN  Ignition                                 ignitionapp.com
  DOMAIN  Horizon3.ai                              horizon3.ai
  DOMAIN  Schema App                               schemaapp.com
  DOMAIN  nLight Media                             nlightmedia.com
  DOMAIN  Meta                                     metacareers.com
  DOMAIN  Solveva                                  solveva.com
  DOMAIN  Instacart                                instacart.com
  DOMAIN  smartness                                smartness.co
  DOMAIN  Glia                                     glia.com
  DOMAIN  Okta                                     okta.com
  DOMAIN  Jumpseller                               jumpseller.com
  DOMAIN  Origami Risk                             origamirisk.com
  DOMAIN  ServiceTitan                             servicetitan.com
  DOMAIN  Veeva Systems                            veeva.com
  DOMAIN  Ruby Labs                                rubylabs.com
  DOMAIN  Clipboard                                clipboardinc.com
  DOMAIN  hedgehog                                 hedgehog.app
  DOMAIN  Splashdot                                splashdot.com
  NO DOMAIN  Alavisa
  NO DOMAIN  Vest
  DOMAIN  Mixpanel                                 mixpanel.com
  DOMAIN  iHeartMedia                              iheartmedia.com
  NO DOMAIN  28Stone
  DOMAIN  BVGroup                                  bvgroup.com
  DOMAIN  AltexSoft                                altexsoft.com
  DOMAIN  Launchpad                                launchpad.net
  DOMAIN  Dr. Ansay                                dransay.com
  DOMAIN  Zendesk                                  zendesk.com
  DOMAIN  NBCUniversal                             nbcuniversal.com
  DOMAIN  General Motors                           gm.com
  DOMAIN  ICF                                      icf.com
  DOMAIN  Nearform                                 nearform.com
  DOMAIN  Leonardo.Ai                              leonardoaiapp.site
  NO DOMAIN  Interactive Brokers Group
  DOMAIN  Sensor Tower                             sensortower.com
  DOMAIN  Diffco                                   diffco.us
  DOMAIN  Nagarro                                  nagarro.com
  DOMAIN  ElevenLabs                               elevenlabs.io
  DOMAIN  3Pillar                                  3pillar.com
  DOMAIN  OneImaging                               oneimaginginc.com
  DOMAIN  Liftoff                                  liftoff.io
  DOMAIN  Onebrief                                 onebrief.com
  DOMAIN  Skillsoft                                skillsoft.com
  DOMAIN  Bounce Insights                          bounceinsights.com
  DOMAIN  GlobalLogic                              globallogic.com
  DOMAIN  X-Team                                   x-team.com
  DOMAIN  OnTheGoSystems                           onthegosystems.com
  DOMAIN  AgencyAnalytics                          agencyanalytics.com
  DOMAIN  Fleetio                                  fleetio.com
  DOMAIN  Oddball                                  oddball.com
  DOMAIN  XM                                       xm.com
  DOMAIN  Hubstaff                                 hubstaff.com
  DOMAIN  MailerLite                               mailerlite.com
  DOMAIN  LeadSimple                               leadsimple.com
  DOMAIN  Bitovi                                   bitovi.com
  DOMAIN  Whitespectre                             whitespectre.com
  NO DOMAIN  RemoteMore
  DOMAIN  Sinch                                    sinch.com
  DOMAIN  Chameleon                                chameleon.com
  DOMAIN  Axios                                    axios.com
  DOMAIN  Circle                                   circlek.com
  DOMAIN  CoverGo                                  covergo.com
  DOMAIN  Raptive                                  raptive.com
  DOMAIN  Smile.io                                 smile.io
  DOMAIN  Tucows                                   tucows.com
  DOMAIN  customer.io                              customer.io
  DOMAIN  Payoneer                                 payoneer.com
  DOMAIN  Ebury                                    ebury.com
  DOMAIN  Fingerprint                              fingerprint.com
  DOMAIN  Skedda                                   skedda.com
  DOMAIN  Lumenalta                                lumenalta.com
  DOMAIN  Scribd                                   scribd.com
  DOMAIN  Salsify                                  salsify.com
  DOMAIN  Esko                                     esko.com
  DOMAIN  DISQO                                    disqo.com
  DOMAIN  SmarterDx                                smarterdx.com
  NO DOMAIN  DoiT
  DOMAIN  Bloq.it                                  bloq.it
  DOMAIN  Samsara                                  samsara.com
  DOMAIN  Vultr                                    vultr.com
  DOMAIN  LoopStudio                               loops.so
  NO DOMAIN  InApps Technology
  DOMAIN  Luxoft                                   luxoft.com
  DOMAIN  IndiaNIC                                 indianic.com
  DOMAIN  Splinde                                  splinde.io
  DOMAIN  Liminal                                  liminal.co
  DOMAIN  Tether                                   tether.to
  NO DOMAIN  CI&T
  DOMAIN  emaratech                                emaratech.ae
  DOMAIN  Sigli                                    sigli.space
  DOMAIN  Nutrafol                                 nutrafol.com
  DOMAIN  Kalepa                                   kalepa.com
  DOMAIN  doola                                    doola.com
  NO DOMAIN  G-P
  DOMAIN  Exadel                                   exadel.com
  DOMAIN  ITMAGINATION                             itmagination.com
  DOMAIN  WorkMotion                               workmotion.com
  DOMAIN  monday.com                               monday.com
  DOMAIN  Silverfort                               silverfort.com
  NO DOMAIN  Kleer and Membersy
  DOMAIN  Brooksource                              brooksource.com
  DOMAIN  Contra                                   contrado.com
  DOMAIN  Constructor                              constructor.io
  DOMAIN  House Rx                                 houserxpa.com
  DOMAIN  ScaleMath                                scalemath.com
  DOMAIN  Sporty                                   sportys.com
  DOMAIN  Lightdash                                lightdash.com
  DOMAIN  Rite NRG                                 ritenrg.com
  DOMAIN  Arrowhead Engineered Products            arrowheadepinc.com
  DOMAIN  Figma                                    figma.com
  DOMAIN  AgileEngine                              agileengine.com
  DOMAIN  Alts Digital                             altsdigital.com
  DOMAIN  Tomplay                                  tomplay.com
  DOMAIN  Elastify                                 elastify.ca
  DOMAIN  Welltech                                 welltech.com
  DOMAIN  Steer                                    steermentor.co.uk
  DOMAIN  eyeo                                     eyeo.com
  DOMAIN  Reddit                                   redditinc.com
  DOMAIN  Blip                                     blip.ai
  DOMAIN  Confluent                                confluent.io
  DOMAIN  Sparq                                    sparqfest.live
  DOMAIN  Semperis                                 semperis.com
  DOMAIN  Softtek                                  softtek.com
  DOMAIN  IMPACT BRANDS                            theimpactbrands.com
  DOMAIN  Courthouse News                          courthousenews.com
  DOMAIN  Animoca Brands                           animocabrands.com
  DOMAIN  Client Server                            client-server.com
  DOMAIN  WIRE IT                                  wireit.co.za
  NO DOMAIN  Revvity
  NO DOMAIN  Reap
  DOMAIN  TechRivo                                 techrivo.com
  DOMAIN  Black Ore                                blackore.ai
  DOMAIN  Pact                                     wearpact.com
  DOMAIN  Foxbox Digital                           foxboxdigital.com
  DOMAIN  Velotio                                  velotio.com
  DOMAIN  ASAPP                                    asapp.com
  DOMAIN  LEAN BAKERY                              leanbakery.com
  DOMAIN  TerraTrue                                terratruehq.com
  DOMAIN  Global Blue                              globalblue.com
  NO DOMAIN  Namecheap Inc
  DOMAIN  Numa                                     numa.com
  DOMAIN  EPAM                                     epam.ua
  DOMAIN  LogicGate                                logicgate.com
  DOMAIN  Patreon                                  patreon.com
  DOMAIN  SNGULAR                                  sngular.com
  DOMAIN  Lean TECHniques                          leantechniques.com
  DOMAIN  BrandChamp                               brandchamp.io
  DOMAIN  Aubay Portugal                           aubay.pt
  DOMAIN  Aha!                                     aha.io
  DOMAIN  BairesDev                                bairesdev.com
  NO DOMAIN  Adroiti Technologies
  DOMAIN  Cint                                     cint.com
  DOMAIN  One10                                    one10.co
  DOMAIN  Tyfone                                   tyfone.com
  DOMAIN  NexTurn                                  nexturn.com
  DOMAIN  ACLED                                    acleddata.com
  DOMAIN  Lobster                                  lobste.rs
  DOMAIN  Danti                                    danti.com
  DOMAIN  Algoteque                                algoteque.com
  DOMAIN  Semble                                   semble.io
  DOMAIN  Geonetric                                geonetric.com
  DOMAIN  Soho Square Solutions                    sohosquaresolutions.com
  DOMAIN  TradePending                             tradepending.com
  DOMAIN  Meister                                  meisterlabs.com
  DOMAIN  Wealth Dynamix                           wealth-dynamix.com
  DOMAIN  Lightbase                                lightbase.nl
  DOMAIN  Erasys                                   erasys.de
domains resolved: 394
  SCRAPE Databricks                               databricks.com               -
  SCRAPE Entefy                                   entefy.com                   -
  SCRAPE MLabs                                    mlabs.com.br                 -
  SCRAPE Beyond                                   beyond.com                   -
  SCRAPE Neuroscale                               neuroscale.io                -
  SCRAPE Runpod                                   runpod.io                    -
  SCRAPE lemlist                                  lemlist.com                  -
  SCRAPE Oscilar                                  oscilar.com                  -
  SCRAPE Gismart                                  gismart.com                  -
  SCRAPE TRM Labs                                 trmlabs.com                  contact@trmlabs.com
  SCRAPE Air Apps                                 airapps.co                   -
  SCRAPE Pebl                                     thepebl.com                  -
  SCRAPE Wakeflow                                 wakeflow.io                  -
  SCRAPE Able                                     ableclothing.com             -
  SCRAPE TJM Labs                                 tjmlabs.com                  -
  SCRAPE GoGuardian                               goguardian.com               -
  SCRAPE Optix                                    optixapp.com                 -
  SCRAPE Multi Media, LLC                         multimediallc.com            -
  SCRAPE Yoko Co                                  yokoco.com                   questions@yokoco.com
  SCRAPE HighLevel                                gohighlevel.com              -
  SCRAPE Ubiquiti                                 ui.com                       compliance@ui.com
  SCRAPE Sony Interactive Entertainment           sonyinteractive.com          -
  SCRAPE Censys                                   censys.com.ar                -
  SCRAPE Whippy                                   whippy.ai                    -
